<?xml version="1.0" encoding="UTF-8"?>
<testsuites name="jest tests" tests="1" failures="0" time="11.103">
  <testsuite name="undefined" errors="0" failures="0" skipped="0" timestamp="2020-08-20T19:08:15" time="10.967" tests="1">
    <testcase classname=" renders correctly" name=" renders correctly" time="7.339">
    </testcase>
  </testsuite>
</testsuites>